apps/01-counter.intent: ok — 0 error(s), 0 warning(s)
apps/02-todo.intent: ok — 0 error(s), 0 warning(s)
apps/03-tipsplit.intent: ok — 0 error(s), 0 warning(s)
apps/04-pomodoro.intent: ok — 0 error(s), 0 warning(s)
apps/05-wordle.intent: ok — 0 error(s), 0 warning(s)
apps/06-expenses.intent: ok — 0 error(s), 0 warning(s)
apps/07-shop.intent: ok — 0 error(s), 0 warning(s)
01-counter ts-3: attempt 1: ok
01-counter ts-2: attempt 1: ok
01-counter ts-1: attempt 1: ok
01-counter elm-3: attempt 1: ok
01-counter elm-2: attempt 1: ok
01-counter elm-1: attempt 1: ok
02-todo elm-1: attempt 1: ok
02-todo elm-2: attempt 1: ok
02-todo ts-2: attempt 1: ok
02-todo ts-1: attempt 1: ok
02-todo elm-3: attempt 1: ok
02-todo ts-3: attempt 1: ok
03-tipsplit elm-3: attempt 1: ok
03-tipsplit elm-2: attempt 1: ok
03-tipsplit elm-1: attempt 1: ok
04-pomodoro elm-2: attempt 1: ok
03-tipsplit ts-3: attempt 1: ok
04-pomodoro ts-1: attempt 1: ok
03-tipsplit ts-1: attempt 1: ok
03-tipsplit ts-2: attempt 1: ok
04-pomodoro ts-2: attempt 1: ok
04-pomodoro ts-3: attempt 1: ok
05-wordle ts-1: attempt 1: ok
05-wordle ts-2: attempt 1: ok
05-wordle elm-3: attempt 1: ok
04-pomodoro elm-1: attempt 1: ok
04-pomodoro elm-3: attempt 1: ok
05-wordle ts-3: attempt 1: ok
05-wordle elm-2: attempt 1: ok
05-wordle elm-1: attempt 1: ok
06-expenses ts-2: attempt 1: ok
06-expenses elm-1: attempt 1: ok
06-expenses ts-1: attempt 1: ok
06-expenses elm-2: attempt 1: ok
06-expenses ts-3: attempt 1: ok
06-expenses elm-3: attempt 1: ok
07-shop elm-2: attempt 1: ok
07-shop elm-1: attempt 1: ok
07-shop elm-3: attempt 1: ok
07-shop ts-1: attempt 1: ok
07-shop ts-2: attempt 1: ok
07-shop ts-3: attempt 1: ok
# Convergence report — v2

3 builds per target (elm, ts), 60 random sessions × 30 actions per app.

| App | Builds OK | First-try OK | Same app: all | Elm | TS | Elm≡TS | Code sim. Elm / TS | Cost |
|---|---|---|---|---|---|---|---|---|
| Counter | 6/6 | 6/6 | 100% | 100% | 100% | 100% | 100% / 80% | $0.33 |
| Todo | 6/6 | 6/6 | 100% | 100% | 100% | 100% | 62% / 74% | $0.48 |
| TipSplit | 6/6 | 6/6 | 100% | 100% | 100% | 100% | 81% / 65% | $0.53 |
| Pomodoro | 6/6 | 6/6 | 100% | 100% | 100% | 100% | 95% / 80% | $0.44 |
| Wordle | 6/6 | 6/6 | 100% | 100% | 100% | 100% | 52% / 66% | $0.61 |
| Expenses | 6/6 | 6/6 | 100% | 100% | 100% | 100% | 40% / 34% | $0.97 |
| Shop | 6/6 | 6/6 | 100% | 100% | 100% | 100% | 56% / 52% | $0.77 |

*Same app* = share of random sessions in which every build showed identical screens after every action.

full report: /Users/sjors/Develop/Personal/intentlang/runs/r2-v2/report.md
