apps/09-board.intent:19:1: warning UNPROVEN: `text title` is never checked by a `see` step
    19 |     text title
       | ^
apps/09-board.intent:23:1: warning UNPROVEN: `text title` is never checked by a `see` step
    23 |     text title
       | ^
apps/09-board.intent: ok — 0 error(s), 2 warning(s)
09-board ts-1: attempt 1: ok
09-board ts-2: attempt 1: ok
09-board ts-3: attempt 1: ok
09-board elm-1: attempt 1: ok
09-board elm-2: attempt 1: ok
09-board elm-3: attempt 1: ok
# Convergence report — v4-always

3 builds per target (elm, ts), 80 random sessions × 30 actions per app.

| App | Builds OK | First-try OK | `always` held | Same app: all | Elm | TS | Elm≡TS | Code sim. Elm / TS | Cost |
|---|---|---|---|---|---|---|---|---|---|
| Board | 6/6 | 6/6 | 6/6 | 100% | 100% | 100% | 100% | 52% / 42% | $0.55 |

*Same app* = share of random sessions in which every build showed identical screens after every action.

full report: /Users/sjors/Develop/Personal/intentlang/runs/r4-board/report.md
